[     371ms] Error: Module [project]/node_modules/@sentry/core/build/esm/exports.js [app-client] (ecmascript) was instantiated because it was required from module [project]/src/app/global-error.tsx [app-client] (ecmascript), but the module factory is not available. It might have been deleted in an HMR update.
    at instantiateModule (http://localhost:3001/_next/static/chunks/turbopack-_62cebc78._.js:846:15)
    at getOrInstantiateModuleFromParent (http://localhost:3001/_next/static/chunks/turbopack-_62cebc78._.js:831:12)
    at DevContext.esmImport [as i] (http://localhost:3001/_next/static/chunks/turbopack-_62cebc78._.js:239:20)
    at module evaluation (http://localhost:3001/_next/static/chunks/src_app_global-error_tsx_8e7553f5._.js:12:188)
    at http://localhost:3001/_next/static/chunks/turbopack-_62cebc78._.js:880:13
    at runModuleExecutionHooks (http://localhost:3001/_next/static/chunks/turbopack-_62cebc78._.js:905:13)
    at instantiateModule (http://localhost:3001/_next/static/chunks/turbopack-_62cebc78._.js:878:9)
    at getOrInstantiateModuleFromParent (http://localhost:3001/_next/static/chunks/turbopack-_62cebc78._.js:831:12)
    at DevContext.commonJsRequire [as r] (http://localhost:3001/_next/static/chunks/turbopack-_62cebc78._.js:260:12)
    at requireModule (http://localhost:3001/_next/static/chunks/node_modules_next_dist_compiled_react-server-dom-turbopack_9212ccad._.js:86:84)
    at initializeModuleChunk (http://localhost:3001/_next/static/chunks/node_modules_next_dist_compiled_react-server-dom-turbopack_9212ccad._.js:1090:25)
    at getOutlinedModel (http://localhost:3001/_next/static/chunks/node_modules_next_dist_compiled_react-server-dom-turbopack_9212ccad._.js:1389:17)
    at parseModelString (http://localhost:3001/_next/static/chunks/node_modules_next_dist_compiled_react-server-dom-turbopack_9212ccad._.js:1616:50)
    at Array.<anonymous> (http://localhost:3001/_next/static/chunks/node_modules_next_dist_compiled_react-server-dom-turbopack_9212ccad._.js:2487:55)
    at JSON.parse (<anonymous>)
    at initializeModelChunk (http://localhost:3001/_next/static/chunks/node_modules_next_dist_compiled_react-server-dom-turbopack_9212ccad._.js:1065:30)
    at resolveModelChunk (http://localhost:3001/_next/static/chunks/node_modules_next_dist_compiled_react-server-dom-turbopack_9212ccad._.js:970:43)
    at processFullStringRow (http://localhost:3001/_next/static/chunks/node_modules_next_dist_compiled_react-server-dom-turbopack_9212ccad._.js:2442:126)
    at processFullBinaryRow (http://localhost:3001/_next/static/chunks/node_modules_next_dist_compiled_react-server-dom-turbopack_9212ccad._.js:2362:9)
    at processBinaryChunk (http://localhost:3001/_next/static/chunks/node_modules_next_dist_compiled_react-server-dom-turbopack_9212ccad._.js:2471:221)
    at progress (http://localhost:3001/_next/static/chunks/node_modules_next_dist_compiled_react-server-dom-turbopack_9212ccad._.js:2641:13)
[     451ms] [ERROR] Failed to load resource: the server responded with a status of 404 (Not Found) @ http://localhost:3001/favicon.ico:0
[    2720ms] [ERROR] Failed to load resource: the server responded with a status of 404 (Not Found) @ http://localhost:3001/favicon-16x16.png:0
